******************************************************************************
               TMS320C6x Linker Unix v7.4.1                    
******************************************************************************
>> Linked Sun May 19 19:55:22 2013

OUTPUT FILE NAME:   <c6000-evi-lib.out>
ENTRY POINT SYMBOL: "_c_int00"  address: 00e06d00


MEMORY CONFIGURATION

         name            origin    length      used     unused   attr    fill
----------------------  --------  ---------  --------  --------  ----  --------
  DSPL2ROM              00700000   00100000  00000000  00100000  RWIX
  DSPL2RAM              00800000   00040000  00000000  00040000  RWIX
  DSPL1PRAM             00e00000   00008000  00007280  00000d80  RWIX
  DSPL1DRAM             00f00000   00008000  00000000  00008000  RWIX
  SHDSPL2ROM            11700000   00100000  00000000  00100000  RWIX
  SHDSPL2RAM            11800000   00040000  00001906  0003e6fa  RWIX
  SHDSPL1PRAM           11e00000   00008000  00000000  00008000  RWIX
  SHDSPL1DRAM           11f00000   00008000  00000000  00008000  RWIX
  EMIFACS2              60000000   02000000  00000000  02000000  RWIX
  EMIFACS3              62000000   02000000  00000000  02000000  RWIX
  EMIFACS4              64000000   02000000  00000000  02000000  RWIX
  EMIFACS5              66000000   02000000  00000000  02000000  RWIX
  EMIFBSDRAM            c0000000   10000000  00000000  10000000  RWIX


SECTION ALLOCATION MAP

 output                                  attributes/
section   page    origin      length       input sections
--------  ----  ----------  ----------   ----------------
.pinit     0    11800000    00000000     UNINITIALIZED

.text      0    00e00000    00007280     
                  00e00000    00000c00     xprintf.obj (.text)
                  00e00c00    000005a0     rts6740.lib : divd.obj (.text:__divd)
                  00e011a0    00000580                 : _printfi.obj (.text:__getarg_diouxp)
                  00e01720    00000440                 : _printfi.obj (.text:__printfi)
                  00e01b60    00000440                 : _printfi.obj (.text:__setfield)
                  00e01fa0    00000400     uart.obj (.text)
                  00e023a0    000003a0     rts6740.lib : fputs.obj (.text:_fputs)
                  00e02740    00000320                 : _printfi.obj (.text:__pproc_fge)
                  00e02a60    000002c0                 : _printfi.obj (.text:__pproc_fwp)
                  00e02d20    000002c0     psc.obj (.text)
                  00e02fe0    000002a0     rts6740.lib : _printfi.obj (.text:_ecvt)
                  00e03280    000002a0                 : _printfi.obj (.text:_fcvt)
                  00e03520    00000280                 : memory.obj (.text:_free)
                  00e037a0    00000260                 : imath64.obj (.text:__divull)
                  00e03a00    00000260                 : _printfi.obj (.text:__pconv_e)
                  00e03c60    00000260     pllc.obj (.text)
                  00e03ec0    00000240     rts6740.lib : _printfi.obj (.text:__pproc_diouxp)
                  00e04100    00000220                 : _printfi.obj (.text:__pproc_str)
                  00e04320    00000220                 : fputc.obj (.text:_fputc)
                  00e04540    00000200                 : _printfi.obj (.text:__pconv_g)
                  00e04740    00000200                 : setvbuf.obj (.text:_setvbuf)
                  00e04940    000001c0                 : _printfi.obj (.text:__mcpy)
                  00e04b00    000001a0                 : imath40.obj (.text:__divul)
                  00e04ca0    00000180                 : trgdrv.obj (.text:_HOSTrename)
                  00e04e20    00000180                 : memory.obj (.text:_malloc)
                  00e04fa0    00000140                 : _printfi.obj (.text:__pproc_fflags)
                  00e050e0    00000140                 : lowlev.obj (.text:_getdevice)
                  00e05220    00000120                 : fclose.obj (.text:__closefile)
                  00e05340    00000120                 : _printfi.obj (.text:__ltostr)
                  00e05460    00000120                 : fseek.obj (.text:_fseek)
                  00e05580    00000100                 : trgdrv.obj (.text:_HOSTlseek)
                  00e05680    00000100                 : _io_perm.obj (.text:__wrt_ok)
                  00e05780    000000e0                 : trgdrv.obj (.text:_HOSTopen)
                  00e05860    000000e0                 : atoi.obj (.text:_atoi)
                  00e05940    000000e0                 : lowlev.obj (.text:_close)
                  00e05a20    000000e0                 : memset.obj (.text:_memset)
                  00e05b00    000000e0                 : printf.obj (.text:_printf)
                  00e05be0    000000c0                 : trgdrv.obj (.text:_HOSTread)
                  00e05ca0    000000c0                 : trgdrv.obj (.text:_HOSTunlink)
                  00e05d60    000000c0                 : trgdrv.obj (.text:_HOSTwrite)
                  00e05e20    000000c0                 : autoinit.obj (.text:__auto_init)
                  00e05ee0    000000c0                 : _printfi.obj (.text:__div)
                  00e05fa0    000000c0                 : divu.obj (.text:__divu)
                  00e06060    000000c0                 : fflush.obj (.text:__doflush)
                  00e06120    000000c0                 : exit.obj (.text:_exit)
                  00e061e0    000000c0                 : ltoa.obj (.text:_ltoa)
                  00e062a0    000000a0                 : trgdrv.obj (.text:_HOSTclose)
                  00e06340    000000a0                 : fopen.obj (.text:__cleanup)
                  00e063e0    000000a0                 : imath40.obj (.text:__divli)
                  00e06480    000000a0                 : _printfi.obj (.text:__ecpy)
                  00e06520    000000a0                 : _printfi.obj (.text:__fcpy)
                  00e065c0    000000a0                 : fixdli.obj (.text:__fixdli)
                  00e06660    000000a0                 : _printfi.obj (.text:__pconv_f)
                  00e06700    000000a0                 : cpy_tbl.obj (.text:_copy_in)
                  00e067a0    000000a0                 : lowlev.obj (.text:_finddevice)
                  00e06840    000000a0                 : lowlev.obj (.text:_lseek)
                  00e068e0    000000a0                 : memcpy64.obj (.text:_memcpy)
                  00e06980    000000a0                 : memory.obj (.text:_minsert)
                  00e06a20    000000a0                 : memory.obj (.text:_mremove)
                  00e06ac0    000000a0                 : lowlev.obj (.text:_write)
                  00e06b60    000000a0     main.obj (.text)
                  00e06c00    00000080     rts6740.lib : fltlid.obj (.text:__fltlid)
                  00e06c80    00000080                 : llshift.obj (.text:__llshl)
                  00e06d00    00000080                 : boot.obj (.text:_c_int00)
                  00e06d80    00000080                 : trgmsg.obj (.text:_readmsg)
                  00e06e00    00000080                 : lowlev.obj (.text:_unlink)
                  00e06e80    00000060                 : cpp_init.obj (.text:___TI_cpp_init)
                  00e06ee0    00000060                 : imath64.obj (.text:__subcull)
                  00e06f40    00000060                 : memccpy.obj (.text:_memccpy)
                  00e06fa0    00000060                 : trgmsg.obj (.text:_writemsg)
                  00e07000    00000040                 : isinf.obj (.text:___isinf)
                  00e07040    00000040                 : _printfi.obj (.text:___isnan)
                  00e07080    00000040                 : args_main.obj (.text:__args_main)
                  00e070c0    00000040                 : frcmpyd_div.obj (.text:__frcmpyd_div)
                  00e07100    00000040                 : llshift.obj (.text:__llshru)
                  00e07140    00000040                 : imath40.obj (.text:__remli)
                  00e07180    00000040                 : imath40.obj (.text:__remul)
                  00e071c0    00000020                 : negll.obj (.text:__negll)
                  00e071e0    00000020                 : _lock.obj (.text:__nop)
                  00e07200    00000020                 : printf.obj (.text:__outc)
                  00e07220    00000020                 : printf.obj (.text:__outs)
                  00e07240    00000020                 : exit.obj (.text:_abort)
                  00e07260    00000020                 : remove.obj (.text:_remove)

.stack     0    11800000    00000800     UNINITIALIZED
                  11800000    00000008     rts6740.lib : boot.obj (.stack)
                  11800008    000007f8     --HOLE--

.data      0    11800000    00000000     UNINITIALIZED

.sysmem    0    11800800    00000800     UNINITIALIZED
                  11800800    00000008     rts6740.lib : memory.obj (.sysmem)
                  11800808    000007f8     --HOLE--

.far       0    11801000    00000468     UNINITIALIZED
                  11801000    00000324     rts6740.lib : defs.obj (.far)
                  11801324    00000004                 : fopen.obj (.far)
                  11801328    0000011c                 : lowlev.obj (.far)
                  11801444    0000000c                 : exit.obj (.far)
                  11801450    00000008                 : _lock.obj (.far)
                  11801458    00000008                 : memory.obj (.far)
                  11801460    00000008                 : trgdrv.obj (.far)

.cinit     0    11801468    000001d4     
                  11801468    0000006c     systemConfigurations.obj (.cinit)
                  118014d4    00000004     --HOLE-- [fill = 0]
                  118014d8    0000005c     rts6740.lib : defs.obj (.cinit)
                  11801534    00000004     --HOLE-- [fill = 0]
                  11801538    0000005c                 : lowlev.obj (.cinit)
                  11801594    00000004     --HOLE-- [fill = 0]
                  11801598    0000002c                 : exit.obj (.cinit)
                  118015c4    00000004     --HOLE-- [fill = 0]
                  118015c8    0000002c                 : memory.obj (.cinit)
                  118015f4    00000004     --HOLE-- [fill = 0]
                  118015f8    0000001c                 : _lock.obj (.cinit)
                  11801614    00000004     --HOLE-- [fill = 0]
                  11801618    0000000c                 : fopen.obj (.cinit)
                  11801624    00000004     --HOLE-- [fill = 0]
                  11801628    0000000c     xprintf.obj (.cinit)
                  11801634    00000004     --HOLE-- [fill = 0]
                  11801638    00000004     (.pad.cinit) [fill = 0]

.const     0    11801640    00000162     
                  11801640    00000101     rts6740.lib : ctype.obj (.const:.string:__ctypes_)
                  11801741    00000023                 : _printfi.obj (.const:.string)
                  11801764    00000020     main.obj (.const:.string)
                  11801784    0000001c     xprintf.obj (.const:.string)
                  118017a0    00000002     rts6740.lib : fputs.obj (.const:.string)

.cio       0    118017a4    00000120     UNINITIALIZED
                  118017a4    00000120     rts6740.lib : trgmsg.obj (.cio)

.switch    0    118018c4    00000028     
                  118018c4    00000028     xprintf.obj (.switch:_xvprintf)

.bss       0    118018ec    00000020     UNINITIALIZED
                  118018ec    00000014     systemConfigurations.obj (.bss)
                  11801900    0000000c     xprintf.obj (.bss)


GLOBAL SYMBOLS: SORTED ALPHABETICALLY BY Name 

address    name
--------   ----
118018ec   $bss
118018ec   .bss
11800000   .data
00e00000   .text
00e07240   C$$EXIT
00e06ff8   C$$IO$$
118018f0   _CrystalFreq
118018f4   _DSPFreq
00e062a0   _HOSTclose
00e05580   _HOSTlseek
00e05780   _HOSTopen
00e05be0   _HOSTread
00e04ca0   _HOSTrename
00e05ca0   _HOSTunlink
00e05d60   _HOSTwrite
00e02dd0   _PSC0_lPSC_disable
00e02d20   _PSC0_lPSC_enable
00e02f30   _PSC1_lPSC_disable
00e02e80   _PSC1_lPSC_enable
118018fc   _TimerFreq
118018ec   _UART0_run
118018ed   _UART1_run
118018ee   _UART2_run
118018f8   _UARTFreq
118017a4   __CIOBUF_
11800800   __STACK_END
00000800   __STACK_SIZE
00000800   __SYSMEM_SIZE
00000001   __TI_args_main
00e06e80   ___TI_cpp_init
1180144c   ___TI_enable_exit_profile_output
ffffffff   ___TI_pprof_out_hndl
ffffffff   ___TI_prof_data_size
ffffffff   ___TI_prof_data_start
ffffffff   ___binit__
118018ec   ___bss__
ffffffff   ___c_args__
11801468   ___cinit__
11800000   ___data__
11800000   ___edata__
1180190c   ___end__
00e07280   ___etext__
00e07000   ___isinf
ffffffff   ___pinit__
00e00000   ___text__
00e07080   __args_main
00e05e20   __auto_init
00e05fa0   __c6xabi_divu
00e06340   __cleanup
11801444   __cleanup_ptr
00e05220   __closefile
11801640   __ctypes_
00e00c00   __divd
00e063e0   __divli
00e05fa0   __divu
00e04b00   __divul
00e037a0   __divull
00e06060   __doflush
11801448   __dtors_ptr
00e065c0   __fixdli
00e06c00   __fltlid
00e070c0   __frcmpyd_div
11801320   __ft_end
11801000   __ftable
00e06c80   __llshl
00e07100   __llshru
11801450   __lock
00e071c0   __negll
00e071e0   __nop
00e01720   __printfi
00e07140   __remli
00e07180   __remul
11800000   __stack
00e06ee0   __subcull
11800800   __sys_memory
118011e0   __tmpnams
11801454   __unlock
00e05680   __wrt_ok
00e07240   _abort
00e05860   _atoi
00e06d00   _c_int00
00e05940   _close
00e06700   _copy_in
00e06120   _exit
00e04320   _fputc
00e023a0   _fputs
00e03520   _free
00e05460   _fseek
00e06840   _lseek
00e061e0   _ltoa
00e06b88   _main
00e04e20   _malloc
00e06f40   _memccpy
00e068e0   _memcpy
00e05a20   _memset
00e05b00   _printf
00e00694   _put_dump
00e04320   _putc
00e06d80   _readmsg
00e07260   _remove
00e03c60   _setup_pll
00e04740   _setvbuf
00e06b60   _sw_sleep
00e022b0   _uart0_sendchar
00e02300   _uart1_sendchar
00e0234c   _uart2_sendchar
00e02228   _uart_disable
00e01fa0   _uart_init
00e06e00   _unlink
00e06ac0   _write
00e06fa0   _writemsg
00e00918   _xatoi
00e008e4   _xfgets
00e0064c   _xfprintf
00e00070   _xfputs
11801908   _xfunc_in
11801900   _xfunc_out
00e00818   _xgets
00e005c8   _xprintf
00e00000   _xputc
00e00038   _xputs
00e00600   _xsprintf
00e000c0   _xvprintf
ffffffff   binit
11801468   cinit
11800000   edata
1180190c   end
00e07280   etext
ffffffff   pinit


GLOBAL SYMBOLS: SORTED BY Symbol Address 

address    name
--------   ----
00000001   __TI_args_main
00000800   __STACK_SIZE
00000800   __SYSMEM_SIZE
00e00000   .text
00e00000   ___text__
00e00000   _xputc
00e00038   _xputs
00e00070   _xfputs
00e000c0   _xvprintf
00e005c8   _xprintf
00e00600   _xsprintf
00e0064c   _xfprintf
00e00694   _put_dump
00e00818   _xgets
00e008e4   _xfgets
00e00918   _xatoi
00e00c00   __divd
00e01720   __printfi
00e01fa0   _uart_init
00e02228   _uart_disable
00e022b0   _uart0_sendchar
00e02300   _uart1_sendchar
00e0234c   _uart2_sendchar
00e023a0   _fputs
00e02d20   _PSC0_lPSC_enable
00e02dd0   _PSC0_lPSC_disable
00e02e80   _PSC1_lPSC_enable
00e02f30   _PSC1_lPSC_disable
00e03520   _free
00e037a0   __divull
00e03c60   _setup_pll
00e04320   _fputc
00e04320   _putc
00e04740   _setvbuf
00e04b00   __divul
00e04ca0   _HOSTrename
00e04e20   _malloc
00e05220   __closefile
00e05460   _fseek
00e05580   _HOSTlseek
00e05680   __wrt_ok
00e05780   _HOSTopen
00e05860   _atoi
00e05940   _close
00e05a20   _memset
00e05b00   _printf
00e05be0   _HOSTread
00e05ca0   _HOSTunlink
00e05d60   _HOSTwrite
00e05e20   __auto_init
00e05fa0   __c6xabi_divu
00e05fa0   __divu
00e06060   __doflush
00e06120   _exit
00e061e0   _ltoa
00e062a0   _HOSTclose
00e06340   __cleanup
00e063e0   __divli
00e065c0   __fixdli
00e06700   _copy_in
00e06840   _lseek
00e068e0   _memcpy
00e06ac0   _write
00e06b60   _sw_sleep
00e06b88   _main
00e06c00   __fltlid
00e06c80   __llshl
00e06d00   _c_int00
00e06d80   _readmsg
00e06e00   _unlink
00e06e80   ___TI_cpp_init
00e06ee0   __subcull
00e06f40   _memccpy
00e06fa0   _writemsg
00e06ff8   C$$IO$$
00e07000   ___isinf
00e07080   __args_main
00e070c0   __frcmpyd_div
00e07100   __llshru
00e07140   __remli
00e07180   __remul
00e071c0   __negll
00e071e0   __nop
00e07240   C$$EXIT
00e07240   _abort
00e07260   _remove
00e07280   ___etext__
00e07280   etext
11800000   .data
11800000   ___data__
11800000   ___edata__
11800000   __stack
11800000   edata
11800800   __STACK_END
11800800   __sys_memory
11801000   __ftable
118011e0   __tmpnams
11801320   __ft_end
11801444   __cleanup_ptr
11801448   __dtors_ptr
1180144c   ___TI_enable_exit_profile_output
11801450   __lock
11801454   __unlock
11801468   ___cinit__
11801468   cinit
11801640   __ctypes_
118017a4   __CIOBUF_
118018ec   $bss
118018ec   .bss
118018ec   _UART0_run
118018ec   ___bss__
118018ed   _UART1_run
118018ee   _UART2_run
118018f0   _CrystalFreq
118018f4   _DSPFreq
118018f8   _UARTFreq
118018fc   _TimerFreq
11801900   _xfunc_out
11801908   _xfunc_in
1180190c   ___end__
1180190c   end
ffffffff   ___TI_pprof_out_hndl
ffffffff   ___TI_prof_data_size
ffffffff   ___TI_prof_data_start
ffffffff   ___binit__
ffffffff   ___c_args__
ffffffff   ___pinit__
ffffffff   binit
ffffffff   pinit

[129 symbols]
